Release 14.7 - xst P.20131013 (nt64)
Copyright (c) 1995-2013 Xilinx, Inc.  All rights reserved.
--> Parameter TMPDIR set to xst/projnav.tmp


Total REAL time to Xst completion: 0.00 secs
Total CPU time to Xst completion: 0.13 secs
 
--> Parameter xsthdpdir set to xst


Total REAL time to Xst completion: 0.00 secs
Total CPU time to Xst completion: 0.13 secs
 
--> Reading design: MotorPAP.prj

TABLE OF CONTENTS
  1) Synthesis Options Summary
  2) HDL Parsing
  3) HDL Elaboration
  4) HDL Synthesis
       4.1) HDL Synthesis Report
  5) Advanced HDL Synthesis
       5.1) Advanced HDL Synthesis Report
  6) Low Level Synthesis
  7) Partition Report
  8) Design Summary
       8.1) Primitive and Black Box Usage
       8.2) Device utilization summary
       8.3) Partition Resource Summary
       8.4) Timing Report
            8.4.1) Clock Information
            8.4.2) Asynchronous Control Signals Information
            8.4.3) Timing Summary
            8.4.4) Timing Details
            8.4.5) Cross Clock Domains Report


=========================================================================
*                      Synthesis Options Summary                        *
=========================================================================
---- Source Parameters
Input File Name                    : "MotorPAP.prj"
Ignore Synthesis Constraint File   : NO

---- Target Parameters
Output File Name                   : "MotorPAP"
Output Format                      : NGC
Target Device                      : xc6slx9-3-ftg256

---- Source Options
Top Module Name                    : MotorPAP
Automatic FSM Extraction           : YES
FSM Encoding Algorithm             : Auto
Safe Implementation                : No
FSM Style                          : LUT
RAM Extraction                     : Yes
RAM Style                          : Auto
ROM Extraction                     : Yes
Shift Register Extraction          : YES
ROM Style                          : Auto
Resource Sharing                   : YES
Asynchronous To Synchronous        : NO
Shift Register Minimum Size        : 2
Use DSP Block                      : Auto
Automatic Register Balancing       : No

---- Target Options
LUT Combining                      : Auto
Reduce Control Sets                : Auto
Add IO Buffers                     : YES
Global Maximum Fanout              : 100000
Add Generic Clock Buffer(BUFG)     : 16
Register Duplication               : YES
Optimize Instantiated Primitives   : NO
Use Clock Enable                   : Auto
Use Synchronous Set                : Auto
Use Synchronous Reset              : Auto
Pack IO Registers into IOBs        : Auto
Equivalent register Removal        : YES

---- General Options
Optimization Goal                  : Speed
Optimization Effort                : 1
Power Reduction                    : NO
Keep Hierarchy                     : No
Netlist Hierarchy                  : As_Optimized
RTL Output                         : Yes
Global Optimization                : AllClockNets
Read Cores                         : YES
Write Timing Constraints           : NO
Cross Clock Analysis               : NO
Hierarchy Separator                : /
Bus Delimiter                      : <>
Case Specifier                     : Maintain
Slice Utilization Ratio            : 100
BRAM Utilization Ratio             : 100
DSP48 Utilization Ratio            : 100
Auto BRAM Packing                  : NO
Slice Utilization Ratio Delta      : 5

=========================================================================


=========================================================================
*                          HDL Parsing                                  *
=========================================================================
Parsing VHDL file "C:\Users\Albert\Documents\CircuitosLogicos\Practica_5\MotorPAP\Motor_PAP.vhd" into library work
Parsing entity <MotorPAP>.
Parsing architecture <motor> of entity <motorpap>.

=========================================================================
*                            HDL Elaboration                            *
=========================================================================

Elaborating entity <MotorPAP> (architecture <motor>) from library <work>.

=========================================================================
*                           HDL Synthesis                               *
=========================================================================

Synthesizing Unit <MotorPAP>.
    Related source file is "C:\Users\Albert\Documents\CircuitosLogicos\Practica_5\MotorPAP\Motor_PAP.vhd".
    Register <puerto> equivalent to <leds> has been removed
    Found 16-bit register for signal <conta_1250us>.
    Found 2-bit register for signal <sw>.
    Found 4-bit register for signal <leds>.
    Found 1-bit register for signal <SAL_400Hz>.
    Found 16-bit adder for signal <conta_1250us[15]_GND_5_o_add_1_OUT> created at line 29.
    Found 2-bit adder for signal <sw[1]_GND_5_o_add_4_OUT> created at line 34.
    Found 4x4-bit Read Only RAM for signal <sw[1]_PWR_5_o_wide_mux_5_OUT>
    Summary:
	inferred   1 RAM(s).
	inferred   2 Adder/Subtractor(s).
	inferred  23 D-type flip-flop(s).
Unit <MotorPAP> synthesized.

=========================================================================
HDL Synthesis Report

Macro Statistics
# RAMs                                                 : 1
 4x4-bit single-port Read Only RAM                     : 1
# Adders/Subtractors                                   : 2
 16-bit adder                                          : 1
 2-bit adder                                           : 1
# Registers                                            : 4
 1-bit register                                        : 1
 16-bit register                                       : 1
 2-bit register                                        : 1
 4-bit register                                        : 1

=========================================================================

=========================================================================
*                       Advanced HDL Synthesis                          *
=========================================================================


Synthesizing (advanced) Unit <MotorPAP>.
The following registers are absorbed into counter <conta_1250us>: 1 register on signal <conta_1250us>.
The following registers are absorbed into counter <sw>: 1 register on signal <sw>.
INFO:Xst:3231 - The small RAM <Mram_sw[1]_PWR_5_o_wide_mux_5_OUT> will be implemented on LUTs in order to maximize performance and save block RAM resources. If you want to force its implementation on block, use option/constraint ram_style.
    -----------------------------------------------------------------------
    | ram_type           | Distributed                         |          |
    -----------------------------------------------------------------------
    | Port A                                                              |
    |     aspect ratio   | 4-word x 4-bit                      |          |
    |     weA            | connected to signal <GND>           | high     |
    |     addrA          | connected to signal <sw>            |          |
    |     diA            | connected to signal <GND>           |          |
    |     doA            | connected to internal node          |          |
    -----------------------------------------------------------------------
Unit <MotorPAP> synthesized (advanced).

=========================================================================
Advanced HDL Synthesis Report

Macro Statistics
# RAMs                                                 : 1
 4x4-bit single-port distributed Read Only RAM         : 1
# Counters                                             : 2
 16-bit up counter                                     : 1
 2-bit up counter                                      : 1
# Registers                                            : 5
 Flip-Flops                                            : 5

=========================================================================

=========================================================================
*                         Low Level Synthesis                           *
=========================================================================
INFO:Xst:2261 - The FF/Latch <leds_3> in Unit <MotorPAP> is equivalent to the following FF/Latch, which will be removed : <sw_1> 

Optimizing unit <MotorPAP> ...

Mapping all equations...
Building and optimizing final netlist ...
Found area constraint ratio of 100 (+ 5) on block MotorPAP, actual ratio is 0.

Final Macro Processing ...

=========================================================================
Final Register Report

Macro Statistics
# Registers                                            : 22
 Flip-Flops                                            : 22

=========================================================================

=========================================================================
*                           Partition Report                            *
=========================================================================

Partition Implementation Status
-------------------------------

  No Partitions were found in this design.

-------------------------------

=========================================================================
*                            Design Summary                             *
=========================================================================

Top Level Output File Name         : MotorPAP.ngc

Primitive and Black Box Usage:
------------------------------
# BELS                             : 74
#      GND                         : 1
#      INV                         : 3
#      LUT1                        : 15
#      LUT2                        : 18
#      LUT3                        : 1
#      LUT6                        : 4
#      MUXCY                       : 15
#      VCC                         : 1
#      XORCY                       : 16
# FlipFlops/Latches                : 22
#      FD                          : 22
# Clock Buffers                    : 1
#      BUFGP                       : 1
# IO Buffers                       : 8
#      OBUF                        : 8

Device utilization summary:
---------------------------

Selected Device : 6slx9ftg256-3 


Slice Logic Utilization: 
 Number of Slice Registers:              22  out of  11440     0%  
 Number of Slice LUTs:                   41  out of   5720     0%  
    Number used as Logic:                41  out of   5720     0%  

Slice Logic Distribution: 
 Number of LUT Flip Flop pairs used:     42
   Number with an unused Flip Flop:      20  out of     42    47%  
   Number with an unused LUT:             1  out of     42     2%  
   Number of fully used LUT-FF pairs:    21  out of     42    50%  
   Number of unique control sets:         2

IO Utilization: 
 Number of IOs:                           9
 Number of bonded IOBs:                   9  out of    186     4%  

Specific Feature Utilization:
 Number of BUFG/BUFGCTRLs:                1  out of     16     6%  

---------------------------
Partition Resource Summary:
---------------------------

  No Partitions were found in this design.

---------------------------


=========================================================================
Timing Report

NOTE: THESE TIMING NUMBERS ARE ONLY A SYNTHESIS ESTIMATE.
      FOR ACCURATE TIMING INFORMATION PLEASE REFER TO THE TRACE REPORT
      GENERATED AFTER PLACE-and-ROUTE.

Clock Information:
------------------
-----------------------------------+------------------------+-------+
Clock Signal                       | Clock buffer(FF name)  | Load  |
-----------------------------------+------------------------+-------+
SAL_400Hz                          | NONE(leds_4)           | 5     |
CLK                                | BUFGP                  | 17    |
-----------------------------------+------------------------+-------+
INFO:Xst:2169 - HDL ADVISOR - Some clock signals were not automatically buffered by XST with BUFG/BUFR resources. Please use the buffer_type constraint in order to insert these buffers to the clock signals to help prevent skew problems.

Asynchronous Control Signals Information:
----------------------------------------
No asynchronous control signals found in this design

Timing Summary:
---------------
Speed Grade: -3

   Minimum period: 3.867ns (Maximum Frequency: 258.575MHz)
   Minimum input arrival time before clock: No path found
   Maximum output required time after clock: 3.762ns
   Maximum combinational path delay: No path found

Timing Details:
---------------
All values displayed in nanoseconds (ns)

=========================================================================
Timing constraint: Default period analysis for Clock 'SAL_400Hz'
  Clock period: 2.078ns (frequency: 481.325MHz)
  Total number of paths / destination ports: 7 / 5
-------------------------------------------------------------------------
Delay:               2.078ns (Levels of Logic = 1)
  Source:            leds_3 (FF)
  Destination:       leds_2 (FF)
  Source Clock:      SAL_400Hz rising
  Destination Clock: SAL_400Hz rising

  Data Path: leds_3 to leds_2
                                Gate     Net
    Cell:in->out      fanout   Delay   Delay  Logical Name (Net Name)
    ----------------------------------------  ------------
     FD:C->Q               6   0.447   0.744  leds_3 (leds_3)
     INV:I->O              1   0.206   0.579  Mram_sw[1]_PWR_5_o_wide_mux_5_OUT21_INV_0 (Mram_sw[1]_PWR_5_o_wide_mux_5_OUT2)
     FD:D                      0.102          leds_2
    ----------------------------------------
    Total                      2.078ns (0.755ns logic, 1.323ns route)
                                       (36.3% logic, 63.7% route)

=========================================================================
Timing constraint: Default period analysis for Clock 'CLK'
  Clock period: 3.867ns (frequency: 258.575MHz)
  Total number of paths / destination ports: 410 / 17
-------------------------------------------------------------------------
Delay:               3.867ns (Levels of Logic = 3)
  Source:            conta_1250us_13 (FF)
  Destination:       conta_1250us_0 (FF)
  Source Clock:      CLK rising
  Destination Clock: CLK rising

  Data Path: conta_1250us_13 to conta_1250us_0
                                Gate     Net
    Cell:in->out      fanout   Delay   Delay  Logical Name (Net Name)
    ----------------------------------------  ------------
     FD:C->Q               2   0.447   0.981  conta_1250us_13 (conta_1250us_13)
     LUT6:I0->O            2   0.203   0.721  PWR_5_o_conta_1250us[15]_equal_1_o<15>4_SW0 (N01)
     LUT6:I4->O           16   0.203   1.005  PWR_5_o_conta_1250us[15]_equal_1_o<15>4 (PWR_5_o_conta_1250us[15]_equal_1_o)
     LUT2:I1->O            1   0.205   0.000  conta_1250us_0_rstpot (conta_1250us_0_rstpot)
     FD:D                      0.102          conta_1250us_0
    ----------------------------------------
    Total                      3.867ns (1.160ns logic, 2.707ns route)
                                       (30.0% logic, 70.0% route)

=========================================================================
Timing constraint: Default OFFSET OUT AFTER for Clock 'SAL_400Hz'
  Total number of paths / destination ports: 8 / 8
-------------------------------------------------------------------------
Offset:              3.762ns (Levels of Logic = 1)
  Source:            leds_3 (FF)
  Destination:       leds<3> (PAD)
  Source Clock:      SAL_400Hz rising

  Data Path: leds_3 to leds<3>
                                Gate     Net
    Cell:in->out      fanout   Delay   Delay  Logical Name (Net Name)
    ----------------------------------------  ------------
     FD:C->Q               6   0.447   0.744  leds_3 (leds_3)
     OBUF:I->O                 2.571          leds_3_OBUF (leds<3>)
    ----------------------------------------
    Total                      3.762ns (3.018ns logic, 0.744ns route)
                                       (80.2% logic, 19.8% route)

=========================================================================

Cross Clock Domains Report:
--------------------------

Clock to Setup on destination clock CLK
---------------+---------+---------+---------+---------+
               | Src:Rise| Src:Fall| Src:Rise| Src:Fall|
Source Clock   |Dest:Rise|Dest:Rise|Dest:Fall|Dest:Fall|
---------------+---------+---------+---------+---------+
CLK            |    3.867|         |         |         |
---------------+---------+---------+---------+---------+

Clock to Setup on destination clock SAL_400Hz
---------------+---------+---------+---------+---------+
               | Src:Rise| Src:Fall| Src:Rise| Src:Fall|
Source Clock   |Dest:Rise|Dest:Rise|Dest:Fall|Dest:Fall|
---------------+---------+---------+---------+---------+
SAL_400Hz      |    2.078|         |         |         |
---------------+---------+---------+---------+---------+

=========================================================================


Total REAL time to Xst completion: 7.00 secs
Total CPU time to Xst completion: 6.63 secs
 
--> 

Total memory usage is 4486228 kilobytes

Number of errors   :    0 (   0 filtered)
Number of warnings :    0 (   0 filtered)
Number of infos    :    3 (   0 filtered)

